// Jest Snapshot v1, https://goo.gl/fbAQLP

exports[`HomeTest shouldRenderCorrectly 1`] = `
<section
  className="home-section"
>
  <div
    className="home-section__text"
  >
     Welcome to 
    <a
      className="home-section__counter-link"
      href="/counter"
      onClick={[Function]}
    >
      Counter!
    </a>
  </div>
</section>
`;
