// Jest Snapshot v1, https://goo.gl/fbAQLP

exports[`CounterTest shouldRenderCorrectly 1`] = `
<section
  className="counter"
>
  Hello World! 
  <span>
    0
  </span>
  <button
    className="increment"
    onClick={[Function]}
  >
    increment
  </button>
  <button
    className="decrement"
    onClick={[Function]}
  >
    decrement
  </button>
  We are done here, let's go to the 
  <a
    href="/"
    onClick={[Function]}
  >
    Home
  </a>
</section>
`;
