// Jest Snapshot v1, https://goo.gl/fbAQLP

exports[`CounterTest shouldRenderCorrectly 1`] = `
<section
  className="counter-section"
>
  <div
    className="counter-section__container"
  >
    <button
      className="counter-section__container__button -regular increment"
      onClick={[Function]}
    >
      +
    </button>
    <span
      className="counter-section__container__number-display"
    >
      0
    </span>
    <button
      className="counter-section__container__button -regular decrement"
      onClick={[Function]}
    >
      -
    </button>
  </div>
  <div
    className="counter-section__back-home"
  >
    We are done here, let's go to the 
    <a
      className="counter-section__home-link"
      href="/"
      onClick={[Function]}
    >
      Home
    </a>
  </div>
</section>
`;
